[36mvite v5.4.19 [32mbuilding for production...[36m[39m
transforming...
node.exe : Browserslist: browsers data 
(caniuse-lite) is 7 months old. Please run:
At line:1 char:1
+ & "C:\Program Files\nodejs/node.exe" 
"C:\Users\hp\AppData\Roaming\npm ...
+ ~~~~~~~~~~~~~~~~~~~~~~~~~~~~~~~~~~~~~~~~~~~~
~~~~~~~~~~~~~~~~~~~~~~~~~
    + CategoryInfo          : NotSpecified: ( 
   Browserslist: b...ld. Please run::String)  
   [], RemoteException
    + FullyQualifiedErrorId : NativeCommandEr 
   ror
 
  npx update-browserslist-db@latest
  Why you should do it regularly: https://gith
ub.com/browserslist/update-db#readme
[32mÔ£ô[39m 3234 modules transformed.
[31mx[39m Build failed in 20.14s
[31merror during build:
[31msrc/pages/Blog.tsx (7:9): "API_BASE" is 
not exported by "src/lib/api.ts", imported by 
"src/pages/Blog.tsx".[31m
file: [36mC:/Users/hp/Desktop/Engine2/code-tu
ne-pro-main/src/pages/Blog.tsx:7:9[31m
[33m
5: import { Link } from "react-router-dom";
6: import { Helmet } from 
"react-helmet-async";
7: import { API_BASE } from "@/lib/api";
            ^
8: 
9: interface BlogPost {
[31m
    at getRollupError (file:///C:/Users/hp/Des
ktop/Engine2/code-tune-pro-main/node_modules/r
ollup/dist/es/shared/parseAst.js:395:41)
    at error (file:///C:/Users/hp/Desktop/Engi
ne2/code-tune-pro-main/node_modules/rollup/dis
t/es/shared/parseAst.js:391:42)
    at Module.error (file:///C:/Users/hp/Deskt
op/Engine2/code-tune-pro-main/node_modules/rol
lup/dist/es/shared/node-entry.js:15535:16)
    at Module.traceVariable (file:///C:/Users/
hp/Desktop/Engine2/code-tune-pro-main/node_mod
ules/rollup/dist/es/shared/node-entry.js:15984
:29)
    at ModuleScope.findVariable (file:///C:/Us
ers/hp/Desktop/Engine2/code-tune-pro-main/node
_modules/rollup/dist/es/shared/node-entry.js:1
3770:39)
    at ReturnValueScope.findVariable (file:///
C:/Users/hp/Desktop/Engine2/code-tune-pro-main
/node_modules/rollup/dist/es/shared/node-entry
.js:5252:38)
    at FunctionBodyScope.findVariable (file://
/C:/Users/hp/Desktop/Engine2/code-tune-pro-mai
n/node_modules/rollup/dist/es/shared/node-entr
y.js:5252:38)
    at ReturnValueScope.findVariable (file:///
C:/Users/hp/Desktop/Engine2/code-tune-pro-main
/node_modules/rollup/dist/es/shared/node-entry
.js:5252:38)
    at FunctionBodyScope.findVariable (file://
/C:/Users/hp/Desktop/Engine2/code-tune-pro-mai
n/node_modules/rollup/dist/es/shared/node-entr
y.js:5252:38)
    at ReturnValueScope.findVariable (file:///
C:/Users/hp/Desktop/Engine2/code-tune-pro-main
/node_modules/rollup/dist/es/shared/node-entry
.js:5252:38)[39m
